G is True
V Error: Contradiction: Can't set fact C:True to False it's already True
X is Undetermined