A is True
B is True
D is True
E is True
F is True
G is True
H is True
I is False
J is True
K is True
L is False
M is False
N is False
O is False
P is False
Q is True
