A is True
B is Undetermined
C is True
D is True
E is True
F is False
G is Undetermined
H is Undetermined
I is False
J is False
K is False
L is False
M is True
N is True
O is True
P is True
Q is True
R is Undetermined
S is Undetermined
T is Undetermined
U is True
V is True
W is Undetermined
X is Undetermined
Y is True
Z is False
